2026-09-07 21:46:49,015 [INFO] __main__: Starting data extraction from RemoteOK API...
2026-09-07 21:46:50,932 [INFO] __main__: Successfully extracted 101 raw records to data/raw_jobs.json
2026-09-07 21:47:04,198 [INFO] __main__: Starting data extraction from RemoteOK API...
2026-09-07 21:47:05,081 [INFO] __main__: Successfully extracted 101 raw records to data/raw_jobs.json
2026-09-07 21:47:21,543 [INFO] load: Starting database load process...
2026-09-07 21:47:21,543 [INFO] transform: Starting data transformation process...
2026-09-07 21:47:21,548 [INFO] transform: Loaded 100 raw job payloads for parsing.
2026-09-07 21:47:21,565 [INFO] transform: Transformation complete! Processed: 100 valid jobs, 92 companies, 73 categories | Skipped: 0 bad rows.
2026-09-07 21:47:25,813 [ERROR] load: Database transaction failed! All changes rolled back automatically. Error: (psycopg2.OperationalError) connection to server at "localhost" (::1), port 5433 failed: Connection refused (0x0000274D/10061)
	Is the server running on that host and accepting TCP/IP connections?
connection to server at "localhost" (127.0.0.1), port 5433 failed: Connection refused (0x0000274D/10061)
	Is the server running on that host and accepting TCP/IP connections?

(Background on this error at: https://sqlalche.me/e/20/e3q8)
2026-09-07 21:55:52,306 [INFO] __main__: Starting data extraction from RemoteOK API...
2026-09-07 21:55:53,230 [INFO] __main__: Successfully extracted 101 raw records to data/raw_jobs.json
2026-09-07 21:55:58,640 [INFO] load: Starting database load process...
2026-09-07 21:55:58,640 [INFO] transform: Starting data transformation process...
2026-09-07 21:55:58,657 [INFO] transform: Loaded 100 raw job payloads for parsing.
2026-09-07 21:55:58,676 [INFO] transform: Transformation complete! Processed: 100 valid jobs, 92 companies, 73 categories | Skipped: 0 bad rows.
2026-09-07 21:55:58,773 [ERROR] load: Database transaction failed! All changes rolled back automatically. Error: (psycopg2.OperationalError) connection to server at "localhost" (::1), port 5433 failed: FATAL:  password authentication failed for user "root"

(Background on this error at: https://sqlalche.me/e/20/e3q8)
2026-09-07 22:12:13,343 [INFO] __main__: Starting data extraction from RemoteOK API...
2026-09-07 22:12:15,240 [INFO] __main__: Successfully extracted 101 raw records to data/raw_jobs.json
2026-09-07 22:12:21,040 [INFO] load: Starting database load process...
2026-09-07 22:12:21,040 [INFO] transform: Starting data transformation process...
2026-09-07 22:12:21,058 [INFO] transform: Loaded 100 raw job payloads for parsing.
2026-09-07 22:12:21,062 [INFO] transform: Transformation complete! Processed: 100 valid jobs, 92 companies, 73 categories | Skipped: 0 bad rows.
2026-09-07 22:12:21,128 [ERROR] load: Database transaction failed! All changes rolled back automatically. Error: (psycopg2.OperationalError) connection to server at "localhost" (::1), port 5433 failed: FATAL:  password authentication failed for user "root"

(Background on this error at: https://sqlalche.me/e/20/e3q8)
2026-09-07 22:15:48,093 [INFO] load: Starting database load process...
2026-09-07 22:15:48,093 [INFO] transform: Starting data transformation process...
2026-09-07 22:15:48,095 [INFO] transform: Loaded 100 raw job payloads for parsing.
2026-09-07 22:15:48,102 [INFO] transform: Transformation complete! Processed: 100 valid jobs, 92 companies, 73 categories | Skipped: 0 bad rows.
2026-09-07 22:15:48,191 [ERROR] load: Database transaction failed! All changes rolled back automatically. Error: (psycopg2.OperationalError) connection to server at "localhost" (::1), port 5433 failed: FATAL:  password authentication failed for user "root"

(Background on this error at: https://sqlalche.me/e/20/e3q8)
2026-09-07 22:16:05,003 [INFO] load: Starting database load process...
2026-09-07 22:16:05,003 [INFO] transform: Starting data transformation process...
2026-09-07 22:16:05,003 [INFO] transform: Loaded 100 raw job payloads for parsing.
2026-09-07 22:16:05,003 [INFO] transform: Transformation complete! Processed: 100 valid jobs, 92 companies, 73 categories | Skipped: 0 bad rows.
2026-09-07 22:16:05,453 [ERROR] load: Database transaction failed! All changes rolled back automatically. Error: (psycopg2.OperationalError) connection to server at "localhost" (::1), port 5432 failed: FATAL:  password authentication failed for user "postgres"

(Background on this error at: https://sqlalche.me/e/20/e3q8)
2026-09-07 22:17:44,168 [INFO] __main__: Starting data extraction from RemoteOK API...
2026-09-07 22:17:45,105 [INFO] __main__: Successfully extracted 101 raw records to data/raw_jobs.json
2026-09-07 22:17:48,037 [INFO] load: Starting database load process...
2026-09-07 22:17:48,037 [INFO] transform: Starting data transformation process...
2026-09-07 22:17:48,050 [INFO] transform: Loaded 100 raw job payloads for parsing.
2026-09-07 22:17:48,056 [INFO] transform: Transformation complete! Processed: 100 valid jobs, 92 companies, 73 categories | Skipped: 0 bad rows.
2026-09-07 22:17:48,130 [ERROR] load: Database transaction failed! All changes rolled back automatically. Error: (psycopg2.OperationalError) connection to server at "localhost" (::1), port 5432 failed: FATAL:  password authentication failed for user "postgres"

(Background on this error at: https://sqlalche.me/e/20/e3q8)
2026-09-07 22:44:06,408 [INFO] __main__: Starting data extraction from RemoteOK API...
2026-09-07 22:44:08,374 [INFO] __main__: Successfully extracted 101 raw records to data/raw_jobs.json
2026-09-07 22:44:10,558 [INFO] load: Starting database load process...
2026-09-07 22:44:10,558 [INFO] transform: Starting data transformation process...
2026-09-07 22:44:10,580 [INFO] transform: Loaded 100 raw job payloads for parsing.
2026-09-07 22:44:10,590 [INFO] transform: Transformation complete! Processed: 100 valid jobs, 92 companies, 73 categories | Skipped: 0 bad rows.
2026-09-07 22:44:10,663 [INFO] load: Database connection established. Starting transaction...
2026-09-07 22:44:10,663 [INFO] load: Upserting 92 companies into dim_companies...
2026-09-07 22:44:10,732 [INFO] load: Upserting 73 categories into dim_categories...
2026-09-07 22:44:10,787 [INFO] load: Fetching dimension IDs for fact table foreign key mappings...
2026-09-07 22:44:10,811 [INFO] load: Upserting 100 jobs into fct_job_postings...
2026-09-07 22:44:10,908 [INFO] load: Successfully committed transaction! Loaded 100 job records to database.
